org/jamdev/jdl4pam/genericmodel/GenericClassifierTest.class
org/jamdev/jdl4pam/transforms/FreqTransform$1.class
org/jamdev/jdl4pam/ketos/KetosModel.class
org/jamdev/jdl4pam/transforms/WaveTransform$1.class
org/jamdev/jdl4pam/transforms/DLTransfromParams.class
org/jamdev/jdl4pam/utils/DLUtils.class
org/jamdev/jdl4pam/transforms/jsonfile/DLTransformsParser.class
org/jamdev/jdl4pam/transforms/SimpleTransform.class
org/jamdev/jdl4pam/transforms/FreqTransform.class
org/jamdev/jdl4pam/genericmodel/GenericModelParams.class
org/jamdev/jdl4pam/transforms/DLTransformsFactory$1.class
org/jamdev/jdl4pam/App.class
org/jamdev/jdl4pam/ReadBufferExceptionTest$1.class
org/jamdev/jdl4pam/transforms/DLTransformsFactory.class
org/jamdev/jdl4pam/transforms/jsonfile/DLTransformsParser$1.class
org/jamdev/jdl4pam/ReadBufferExceptionTest.class
org/jamdev/jdl4pam/genericmodel/RightWhaleDL.class
org/jamdev/jdl4pam/genericmodel/GenericClassifier.class
org/jamdev/jdl4pam/transforms/WaveTransform.class
org/jamdev/jdl4pam/ketos/KetosParams.class
org/jamdev/jdl4pam/animalSpot/AnimalSpotParams.class
org/jamdev/jdl4pam/transforms/SpectrogramTests.class
org/jamdev/jdl4pam/ketos/KetosModelTest.class
org/jamdev/jdl4pam/animalSpot/LegacySoundSpotParams.class
org/jamdev/jdl4pam/animalSpot/AnimalSpotTransfromsTest.class
org/jamdev/jdl4pam/ketos/KetosTransformsTest.class
org/jamdev/jdl4pam/transforms/DLTransformTest.class
org/jamdev/jdl4pam/animalSpot/AnimalSpotBatTest.class
org/jamdev/jdl4pam/utils/DLMatFile.class
org/jamdev/jdl4pam/animalSpot/AnimalSpotModel.class
org/jamdev/jdl4pam/animalSpot/AnimalSpotModel$SpectrogramTranslator.class
org/jamdev/jdl4pam/utils/ZipUtils.class
org/jamdev/jdl4pam/transforms/DLTransform.class
org/jamdev/jdl4pam/transforms/DLTransform$DLTransformType.class
org/jamdev/jdl4pam/animalSpot/AnimalSpotClassifier.class
org/jamdev/jdl4pam/dlpam/SoundSpotModelTest.class
org/jamdev/jdl4pam/genericmodel/SpectrogramTranslator.class
org/jamdev/jdl4pam/genericmodel/GenericModel.class
org/jamdev/jdl4pam/transforms/SimpleTransformParams$1.class
org/jamdev/jdl4pam/dlpam/BatDLpytorch.class
org/jamdev/jdl4pam/transforms/SimpleTransformParams.class
