/Users/au671271/git/jpam2/jpam/jdl4pam/src/main/java/org/jamdev/jdl4pam/dlpam/BatDLpytorch.java
/Users/au671271/git/jpam2/jpam/jdl4pam/src/main/java/org/jamdev/jdl4pam/genericmodel/GenericClassifierTest.java
/Users/au671271/git/jpam2/jpam/jdl4pam/src/main/java/org/jamdev/jdl4pam/utils/DLMatFile.java
/Users/au671271/git/jpam2/jpam/jdl4pam/src/main/java/org/jamdev/jdl4pam/transforms/WaveTransform.java
/Users/au671271/git/jpam2/jpam/jdl4pam/src/main/java/org/jamdev/jdl4pam/App.java
/Users/au671271/git/jpam2/jpam/jdl4pam/src/main/java/org/jamdev/jdl4pam/ketos/KetosParams.java
/Users/au671271/git/jpam2/jpam/jdl4pam/src/main/java/org/jamdev/jdl4pam/animalSpot/LegacySoundSpotParams.java
/Users/au671271/git/jpam2/jpam/jdl4pam/src/main/java/org/jamdev/jdl4pam/transforms/FreqTransform.java
/Users/au671271/git/jpam2/jpam/jdl4pam/src/main/java/org/jamdev/jdl4pam/utils/DLUtils.java
/Users/au671271/git/jpam2/jpam/jdl4pam/src/main/java/org/jamdev/jdl4pam/transforms/DLTransformsFactory.java
/Users/au671271/git/jpam2/jpam/jdl4pam/src/main/java/org/jamdev/jdl4pam/ketos/KetosModel.java
/Users/au671271/git/jpam2/jpam/jdl4pam/src/main/java/org/jamdev/jdl4pam/genericmodel/GenericClassifier.java
/Users/au671271/git/jpam2/jpam/jdl4pam/src/main/java/org/jamdev/jdl4pam/animalSpot/AnimalSpotParams.java
/Users/au671271/git/jpam2/jpam/jdl4pam/src/main/java/org/jamdev/jdl4pam/ReadBufferExceptionTest.java
/Users/au671271/git/jpam2/jpam/jdl4pam/src/main/java/org/jamdev/jdl4pam/transforms/SimpleTransformParams.java
/Users/au671271/git/jpam2/jpam/jdl4pam/src/main/java/org/jamdev/jdl4pam/animalSpot/AnimalSpotClassifier.java
/Users/au671271/git/jpam2/jpam/jdl4pam/src/main/java/org/jamdev/jdl4pam/transforms/jsonfile/DLTransformsParser.java
/Users/au671271/git/jpam2/jpam/jdl4pam/src/main/java/org/jamdev/jdl4pam/utils/ZipUtils.java
/Users/au671271/git/jpam2/jpam/jdl4pam/src/main/java/org/jamdev/jdl4pam/genericmodel/SpectrogramTranslator.java
/Users/au671271/git/jpam2/jpam/jdl4pam/src/main/java/org/jamdev/jdl4pam/transforms/DLTransfromParams.java
/Users/au671271/git/jpam2/jpam/jdl4pam/src/main/java/org/jamdev/jdl4pam/animalSpot/AnimalSpotTransfromsTest.java
/Users/au671271/git/jpam2/jpam/jdl4pam/src/main/java/org/jamdev/jdl4pam/genericmodel/GenericModel.java
/Users/au671271/git/jpam2/jpam/jdl4pam/src/main/java/org/jamdev/jdl4pam/animalSpot/AnimalSpotModel.java
/Users/au671271/git/jpam2/jpam/jdl4pam/src/main/java/org/jamdev/jdl4pam/genericmodel/GenericModelParams.java
/Users/au671271/git/jpam2/jpam/jdl4pam/src/main/java/org/jamdev/jdl4pam/ketos/KetosTransformsTest.java
/Users/au671271/git/jpam2/jpam/jdl4pam/src/main/java/org/jamdev/jdl4pam/genericmodel/RightWhaleDL.java
/Users/au671271/git/jpam2/jpam/jdl4pam/src/main/java/org/jamdev/jdl4pam/animalSpot/AnimalSpotBatTest.java
/Users/au671271/git/jpam2/jpam/jdl4pam/src/main/java/org/jamdev/jdl4pam/dlpam/SoundSpotModelTest.java
/Users/au671271/git/jpam2/jpam/jdl4pam/src/main/java/org/jamdev/jdl4pam/transforms/SimpleTransform.java
/Users/au671271/git/jpam2/jpam/jdl4pam/src/main/java/org/jamdev/jdl4pam/transforms/DLTransform.java
/Users/au671271/git/jpam2/jpam/jdl4pam/src/main/java/org/jamdev/jdl4pam/transforms/SpectrogramTests.java
/Users/au671271/git/jpam2/jpam/jdl4pam/src/main/java/org/jamdev/jdl4pam/transforms/DLTransformTest.java
/Users/au671271/git/jpam2/jpam/jdl4pam/src/main/java/org/jamdev/jdl4pam/ketos/KetosModelTest.java
